=== 市场地图更新 2026-09-14 ===
Traceback (most recent call last):
  File "/home/fumolan/github/my-industry-leaders/scripts/update_market.py", line 176, in <module>
    main()
  File "/home/fumolan/github/my-industry-leaders/scripts/update_market.py", line 56, in main
    d = fuyao(f"/api/meta/tickers/list?asset_type=a-share&limit=1000&offset={offset}")
  File "/home/fumolan/github/my-industry-leaders/scripts/update_market.py", line 21, in fuyao
    return json.loads(ur.urlopen(req, timeout=20).read())
  File "/usr/lib64/python3.9/urllib/request.py", line 214, in urlopen
    return opener.open(url, data, timeout)
  File "/usr/lib64/python3.9/urllib/request.py", line 523, in open
    response = meth(req, response)
  File "/usr/lib64/python3.9/urllib/request.py", line 632, in http_response
    response = self.parent.error(
  File "/usr/lib64/python3.9/urllib/request.py", line 561, in error
    return self._call_chain(*args)
  File "/usr/lib64/python3.9/urllib/request.py", line 494, in _call_chain
    result = func(*args)
  File "/usr/lib64/python3.9/urllib/request.py", line 641, in http_error_default
    raise HTTPError(req.full_url, code, msg, hdrs, fp)
urllib.error.HTTPError: HTTP Error 429: Too Many Requests
=== 市场地图更新 2026-09-15 ===
Traceback (most recent call last):
  File "/home/fumolan/github/my-industry-leaders/scripts/update_market.py", line 176, in <module>
    main()
  File "/home/fumolan/github/my-industry-leaders/scripts/update_market.py", line 56, in main
    d = fuyao(f"/api/meta/tickers/list?asset_type=a-share&limit=1000&offset={offset}")
  File "/home/fumolan/github/my-industry-leaders/scripts/update_market.py", line 21, in fuyao
    return json.loads(ur.urlopen(req, timeout=20).read())
  File "/usr/lib64/python3.9/urllib/request.py", line 214, in urlopen
    return opener.open(url, data, timeout)
  File "/usr/lib64/python3.9/urllib/request.py", line 523, in open
    response = meth(req, response)
  File "/usr/lib64/python3.9/urllib/request.py", line 632, in http_response
    response = self.parent.error(
  File "/usr/lib64/python3.9/urllib/request.py", line 561, in error
    return self._call_chain(*args)
  File "/usr/lib64/python3.9/urllib/request.py", line 494, in _call_chain
    result = func(*args)
  File "/usr/lib64/python3.9/urllib/request.py", line 641, in http_error_default
    raise HTTPError(req.full_url, code, msg, hdrs, fp)
urllib.error.HTTPError: HTTP Error 429: Too Many Requests
=== 市场地图更新 2026-09-16 ===
Traceback (most recent call last):
  File "/home/fumolan/github/my-industry-leaders/scripts/update_market.py", line 176, in <module>
    main()
  File "/home/fumolan/github/my-industry-leaders/scripts/update_market.py", line 56, in main
    d = fuyao(f"/api/meta/tickers/list?asset_type=a-share&limit=1000&offset={offset}")
  File "/home/fumolan/github/my-industry-leaders/scripts/update_market.py", line 21, in fuyao
    return json.loads(ur.urlopen(req, timeout=20).read())
  File "/usr/lib64/python3.9/urllib/request.py", line 214, in urlopen
    return opener.open(url, data, timeout)
  File "/usr/lib64/python3.9/urllib/request.py", line 523, in open
    response = meth(req, response)
  File "/usr/lib64/python3.9/urllib/request.py", line 632, in http_response
    response = self.parent.error(
  File "/usr/lib64/python3.9/urllib/request.py", line 561, in error
    return self._call_chain(*args)
  File "/usr/lib64/python3.9/urllib/request.py", line 494, in _call_chain
    result = func(*args)
  File "/usr/lib64/python3.9/urllib/request.py", line 641, in http_error_default
    raise HTTPError(req.full_url, code, msg, hdrs, fp)
urllib.error.HTTPError: HTTP Error 429: Too Many Requests
